// Jest Snapshot v1, https://goo.gl/fbAQLP

exports[`should render Checklist component with query prop 1`] = `[Function]`;
